  Determining projects to restore...
  All projects are up-to-date for restore.
  PropertyManagement.Reporting -> C:\Users\ahmed\OneDrive\Desktop\AD.project\PropertyManagement\PropertyManagement.Reporting\bin\Debug\net9.0\PropertyManagement.Reporting.dll
  PropertyManagement.API -> C:\Users\ahmed\OneDrive\Desktop\AD.project\PropertyManagement\PropertyManagement.API\bin\Debug\net9.0\PropertyManagement.API.dll
  PropertyManagement.MVC -> C:\Users\ahmed\OneDrive\Desktop\AD.project\PropertyManagement\PropertyManagement.MVC\bin\Debug\net9.0\PropertyManagement.MVC.dll

Build succeeded.
    0 Warning(s)
    0 Error(s)

Time Elapsed 00:00:08.81
